#0 building with "default" instance using docker driver

#1 [internal] load build definition from Dockerfile.quarto-lecture-full.generated
#1 transferring dockerfile: 7.19kB done
#1 DONE 0.0s

#2 [internal] load metadata for mcr.microsoft.com/devcontainers/base:ubuntu-24.04
#2 DONE 0.1s

#3 [internal] load .dockerignore
#3 transferring context: 656B done
#3 DONE 0.0s

#4 [internal] load build context
#4 ...

#5 [internal] setting cache mount permissions
#5 DONE 0.0s

#6 [base 1/8] FROM mcr.microsoft.com/devcontainers/base:ubuntu-24.04@sha256:d94c97dd9cacf183d0a6fd12a8e87b526e9e928307674ae9c94139139c0c6eae
#6 resolve mcr.microsoft.com/devcontainers/base:ubuntu-24.04@sha256:d94c97dd9cacf183d0a6fd12a8e87b526e9e928307674ae9c94139139c0c6eae 0.0s done
#6 DONE 0.1s

#4 [internal] load build context
#4 ...

#7 [base 2/8] WORKDIR /home/jovyan
#7 DONE 0.0s

#4 [internal] load build context
#4 transferring context: 711.20MB 3.5s done
#4 DONE 3.5s

#8 [base 3/8] COPY scripts/lib/helpers.sh /opt/solen/_lib/helpers.sh
#8 DONE 0.3s

#9 [base 4/8] COPY inputs /opt/solen/inputs
#9 DONE 0.0s

#10 [base 5/8] COPY artefacts /opt/solen/artefacts
#10 DONE 0.0s

#11 [base 6/8] RUN mkdir -p /opt/.features /scripts &&     printf "source /opt/solen/_lib/helpers.sh || true" > /scripts/lib/features.sh
#11 0.099 /bin/sh: 1: cannot create /scripts/lib/features.sh: Directory nonexistent
#11 ERROR: process "/bin/sh -c mkdir -p /opt/.features /scripts &&     printf \"source /opt/solen/_lib/helpers.sh || true\" > /scripts/lib/features.sh" did not complete successfully: exit code: 2
------
 > [base 6/8] RUN mkdir -p /opt/.features /scripts &&     printf "source /opt/solen/_lib/helpers.sh || true" > /scripts/lib/features.sh:
0.099 /bin/sh: 1: cannot create /scripts/lib/features.sh: Directory nonexistent
------
Dockerfile.quarto-lecture-full.generated:15
--------------------
  14 |     ENV FEATURE_HELPERS_DIR=/opt/solen/_lib INPUTS_DIR=/opt/solen/inputs ARTEFACTS_DIR=/opt/solen/artefacts
  15 | >>> RUN mkdir -p /opt/.features /scripts && \
  16 | >>>     printf "source /opt/solen/_lib/helpers.sh || true" > /scripts/lib/features.sh
  17 |     
--------------------
ERROR: failed to build: failed to solve: process "/bin/sh -c mkdir -p /opt/.features /scripts &&     printf \"source /opt/solen/_lib/helpers.sh || true\" > /scripts/lib/features.sh" did not complete successfully: exit code: 2

View build details: docker-desktop://dashboard/build/default/default/mlqkdf2hfkz54qexxlbt956zu
