#0 building with "default" instance using docker driver

#1 [internal] load build definition from Dockerfile.quarto-lecture-full.generated
#1 transferring dockerfile: 7.26kB done
#1 DONE 0.0s

#2 [internal] load metadata for mcr.microsoft.com/devcontainers/base:ubuntu-24.04
#2 DONE 0.1s

#3 [internal] load .dockerignore
#3 transferring context: 656B done
#3 DONE 0.0s

#4 [internal] setting cache mount permissions
#4 CACHED

#5 [base 1/8] FROM mcr.microsoft.com/devcontainers/base:ubuntu-24.04@sha256:d94c97dd9cacf183d0a6fd12a8e87b526e9e928307674ae9c94139139c0c6eae
#5 resolve mcr.microsoft.com/devcontainers/base:ubuntu-24.04@sha256:d94c97dd9cacf183d0a6fd12a8e87b526e9e928307674ae9c94139139c0c6eae 0.0s done
#5 DONE 0.0s

#6 [internal] load build context
#6 transferring context: 1.12MB 0.4s done
#6 DONE 0.4s

#7 [base 4/8] COPY inputs /opt/solen/inputs
#7 CACHED

#8 [base 6/8] RUN mkdir -p /opt/.features /scripts/lib &&     printf "source /opt/solen/_lib/helpers.sh || true" > /scripts/lib/features.sh
#8 CACHED

#9 [base 7/8] COPY generated/toolcache /opt/toolcache
#9 CACHED

#10 [base 3/8] COPY scripts/lib/helpers.sh /opt/solen/_lib/helpers.sh
#10 CACHED

#11 [base 5/8] COPY artefacts /opt/solen/artefacts
#11 CACHED

#12 [base 2/8] WORKDIR /home/jovyan
#12 CACHED

#13 [base 8/8] RUN chmod -R a+rX /opt/toolcache || true
#13 CACHED

#14 [profile 1/1] RUN   --mount=type=bind,source=features/container-user,target=/tmp/features/container-user,readonly   --mount=type=bind,source=features/_lib/download-release,target=/tmp/features/_lib/download-release,readonly   --mount=type=bind,source=features/git-lfs,target=/tmp/features/git-lfs,readonly   --mount=type=bind,source=features/python-base,target=/tmp/features/python-base,readonly   --mount=type=bind,source=features/_lib/checksum-verify,target=/tmp/features/_lib/checksum-verify,readonly   --mount=type=bind,source=features/_lib/toolcache,target=/tmp/features/_lib/toolcache,readonly   --mount=type=bind,source=features/system-essentials,target=/tmp/features/system-essentials,readonly   --mount=type=bind,source=features/zsh-config,target=/tmp/features/zsh-config,readonly   --mount=type=bind,source=features/container-init,target=/tmp/features/container-init,readonly   --mount=type=bind,source=features/python-conda,target=/tmp/features/python-conda,readonly   --mount=type=bind,source=features/quarto-common,target=/tmp/features/quarto-common,readonly   --mount=type=bind,source=features/java-sdkman,target=/tmp/features/java-sdkman,readonly   --mount=type=bind,source=features/podman,target=/tmp/features/podman,readonly   --mount=type=bind,source=features/prompt-helpers,target=/tmp/features/prompt-helpers,readonly   --mount=type=bind,source=features/github-cli,target=/tmp/features/github-cli,readonly   --mount=type=bind,source=features/node,target=/tmp/features/node,readonly   --mount=type=bind,source=features/kubernetes-client,target=/tmp/features/kubernetes-client,readonly   --mount=type=bind,source=features/tilt,target=/tmp/features/tilt,readonly   --mount=type=bind,source=features/pip-requirements,target=/tmp/features/pip-requirements,readonly   --mount=type=bind,source=features/build-essentials,target=/tmp/features/build-essentials,readonly   --mount=type=bind,source=features/texlive,target=/tmp/features/texlive,readonly   --mount=type=bind,source=features/docker-cli,target=/tmp/features/docker-cli,readonly   --mount=type=bind,source=features/dive,target=/tmp/features/dive,readonly   --mount=type=bind,source=features/trivy,target=/tmp/features/trivy,readonly   --mount=type=bind,source=features/hadolint,target=/tmp/features/hadolint,readonly   --mount=type=bind,source=features/buildah,target=/tmp/features/buildah,readonly   --mount=type=bind,source=features/skopeo,target=/tmp/features/skopeo,readonly   --mount=type=bind,source=features/ctop,target=/tmp/features/ctop,readonly   --mount=type=bind,source=features/jupyter-base,target=/tmp/features/jupyter-base,readonly   --mount=type=bind,source=features/quarto-cli,target=/tmp/features/quarto-cli,readonly   --mount=type=bind,source=features/java-maven,target=/tmp/features/java-maven,readonly   --mount=type=bind,source=features/java-gradle,target=/tmp/features/java-gradle,readonly   --mount=type=bind,source=features/java-jdk,target=/tmp/features/java-jdk,readonly   --mount=type=bind,source=features/python-lsp,target=/tmp/features/python-lsp,readonly   --mount=type=bind,source=features/kubernetes-dev,target=/tmp/features/kubernetes-dev,readonly   --mount=type=bind,source=features/docker-compose,target=/tmp/features/docker-compose,readonly   --mount=type=bind,source=features/docker-buildx,target=/tmp/features/docker-buildx,readonly   --mount=type=bind,source=features/jupyter-kernels,target=/tmp/features/jupyter-kernels,readonly   --mount=type=bind,source=features/quarto-python,target=/tmp/features/quarto-python,readonly   --mount=type=bind,source=inputs,target=/tmp/inputs,readonly   --mount=type=bind,source=artefacts,target=/tmp/artefacts,readonly   --mount=type=bind,source=scripts,target=/tmp/scripts,readonly   --mount=type=cache,target=/var/cache/apt,sharing=locked   --mount=type=cache,target=/var/lib/apt/lists,sharing=locked   --mount=type=cache,target=/opt/toolcache,sharing=locked   --mount=type=cache,target=/root/.cache,sharing=locked   --mount=type=cache,target=/home/jovyan/.cache,sharing=locked,uid=1001,gid=1001   bash -eux -o pipefail -c 'feats=("container-user" "_lib/download-release" "git-lfs" "python-base" "_lib/checksum-verify" "_lib/toolcache" "system-essentials" "zsh-config" "container-init" "python-conda" "quarto-common" "java-sdkman" "podman" "prompt-helpers" "github-cli" "node" "kubernetes-client" "tilt" "pip-requirements" "build-essentials" "texlive" "docker-cli" "dive" "trivy" "hadolint" "buildah" "skopeo" "ctop" "jupyter-base" "quarto-cli" "java-maven" "java-gradle" "java-jdk" "python-lsp" "kubernetes-dev" "docker-compose" "docker-buildx" "jupyter-kernels" "quarto-python"); for f in "${feats[@]}"; do     if [ -d "/tmp/features/$f" ]; then       chmod +x /tmp/features/$f/install.sh 2>/dev/null || true;       [ -f /tmp/features/$f/install.sh ] && { set +u; bash -c "source /opt/solen/_lib/helpers.sh 2>/dev/null || true; source /tmp/features/$f/install.sh"; set -u; };     fi;   done; apt-get clean; rm -rf /var/lib/apt/lists/auxfiles /var/lib/apt/lists/lock /var/lib/apt/lists/partial'
#14 0.105 + feats=("container-user" "_lib/download-release" "git-lfs" "python-base" "_lib/checksum-verify" "_lib/toolcache" "system-essentials" "zsh-config" "container-init" "python-conda" "quarto-common" "java-sdkman" "podman" "prompt-helpers" "github-cli" "node" "kubernetes-client" "tilt" "pip-requirements" "build-essentials" "texlive" "docker-cli" "dive" "trivy" "hadolint" "buildah" "skopeo" "ctop" "jupyter-base" "quarto-cli" "java-maven" "java-gradle" "java-jdk" "python-lsp" "kubernetes-dev" "docker-compose" "docker-buildx" "jupyter-kernels" "quarto-python")
#14 0.105 + for f in "${feats[@]}"
#14 0.105 + '[' -d /tmp/features/container-user ']'
#14 0.105 + chmod +x /tmp/features/container-user/install.sh
#14 0.105 + true
#14 0.105 + '[' -f /tmp/features/container-user/install.sh ']'
#14 0.105 + set +u
#14 0.105 + bash -c 'source /opt/solen/_lib/helpers.sh 2>/dev/null || true; source /tmp/features/container-user/install.sh'
#14 0.108 user feature: ensuring user jovyan (uid=1001) gid=1001 exists
#14 0.130 useradd: warning: the home directory /home/jovyan already exists.
#14 0.130 useradd: Not copying any file from skel directory into it.
#14 0.132 user feature: done
#14 0.132 + set -u
#14 0.132 + for f in "${feats[@]}"
#14 0.132 + '[' -d /tmp/features/_lib/download-release ']'
#14 0.132 + chmod +x /tmp/features/_lib/download-release/install.sh
#14 0.133 + true
#14 0.133 + '[' -f /tmp/features/_lib/download-release/install.sh ']'
#14 0.133 + set +u
#14 0.133 + bash -c 'source /opt/solen/_lib/helpers.sh 2>/dev/null || true; source /tmp/features/_lib/download-release/install.sh'
#14 0.134 ====================================================================
#14 0.134 Feature: Binary Release Downloader Helper (_lib/download-release)
#14 0.134 ====================================================================
#14 0.137 ✅ Binary release downloader helper installed to /usr/local/lib/download-release-helpers.sh
#14 0.137 
#14 0.137 Usage in feature install.sh:
#14 0.137   source /usr/local/lib/download-release-helpers.sh
#14 0.137   download_github_release "cli/cli" "gh" "2.40.0"
#14 0.137   download_direct "https://example.com/tool.tar.gz" "tool"
#14 0.137 ====================================================================
#14 0.140 ✅ CLI wrappers installed: /usr/local/bin/download_github_release, /usr/local/bin/download_direct
#14 0.140 + set -u
#14 0.140 + for f in "${feats[@]}"
#14 0.140 + '[' -d /tmp/features/git-lfs ']'
#14 0.140 + chmod +x /tmp/features/git-lfs/install.sh
#14 0.140 + true
#14 0.140 + '[' -f /tmp/features/git-lfs/install.sh ']'
#14 0.140 + set +u
#14 0.140 + bash -c 'source /opt/solen/_lib/helpers.sh 2>/dev/null || true; source /tmp/features/git-lfs/install.sh'
#14 0.143 git-lfs: installing git-lfs
#14 0.143 git-lfs: installing 3.4.1 via download_github_release helper
#14 0.145    Raw args: repo='git-lfs/git-lfs' tool='git-lfs' version='3.4.1' install_dir='/usr/local/bin' filename_pattern_arg='git-lfs-linux-{arch}-v{version}.tar.gz' extract='true'
#14 0.146 📦 Downloading git-lfs from GitHub (git-lfs/git-lfs)...
#14 0.147    Architecture: arm64
#14 0.147    Pattern: git-lfs-linux-{arch}-v{version}.tar.gz
#14 0.147    Filename (after first-pass): git-lfs-linux-}-v}.tar.gz/git-lfs}/3.4.1}/arm64}
#14 0.149    URL: https://github.com/git-lfs/git-lfs/releases/download/v3.4.1/git-lfs-linux--v.tar.gz
#14 0.151    Download attempt 1/3...
#14 0.377 curl: (22) The requested URL returned error: 404
#14 0.378    ⚠️  Download failed, retrying...
#14 2.389    Download attempt 2/3...
#14 2.473 curl: (22) The requested URL returned error: 404
#14 2.474    ⚠️  Download failed, retrying...
#14 4.486    Download attempt 3/3...
#14 4.569 curl: (22) The requested URL returned error: 404
#14 4.571    ⚠️  Download failed, retrying...
#14 6.582 ❌ Failed to download git-lfs after 3 attempts
#14 6.609 git: 'lfs' is not a git command. See 'git --help'.
#14 6.609 
#14 6.609 The most similar command is
#14 6.609 	refs
#14 6.612 git-lfs: done
#14 6.612 + set -u
#14 6.612 + for f in "${feats[@]}"
#14 6.612 + '[' -d /tmp/features/python-base ']'
#14 6.612 + chmod +x /tmp/features/python-base/install.sh
#14 6.613 + true
#14 6.613 + '[' -f /tmp/features/python-base/install.sh ']'
#14 6.613 + set +u
#14 6.613 + bash -c 'source /opt/solen/_lib/helpers.sh 2>/dev/null || true; source /tmp/features/python-base/install.sh'
#14 6.621 [feature] Installing system Python3 and pip
#14 6.762 Get:1 http://ports.ubuntu.com/ubuntu-ports noble InRelease [256 kB]
#14 7.024 Get:2 http://ports.ubuntu.com/ubuntu-ports noble-updates InRelease [126 kB]
#14 7.087 Get:3 http://ports.ubuntu.com/ubuntu-ports noble-backports InRelease [126 kB]
#14 7.151 Get:4 http://ports.ubuntu.com/ubuntu-ports noble-security InRelease [126 kB]
#14 7.249 Get:5 http://ports.ubuntu.com/ubuntu-ports noble/restricted arm64 Packages [113 kB]
#14 7.255 Get:6 http://ports.ubuntu.com/ubuntu-ports noble/main arm64 Packages [1776 kB]
#14 7.409 Get:7 http://ports.ubuntu.com/ubuntu-ports noble/universe arm64 Packages [19.0 MB]
#14 7.846 Get:8 http://ports.ubuntu.com/ubuntu-ports noble/multiverse arm64 Packages [274 kB]
#14 7.847 Get:9 http://ports.ubuntu.com/ubuntu-ports noble-updates/multiverse arm64 Packages [38.0 kB]
#14 7.847 Get:10 http://ports.ubuntu.com/ubuntu-ports noble-updates/universe arm64 Packages [1898 kB]
#14 7.854 Get:11 http://ports.ubuntu.com/ubuntu-ports noble-updates/main arm64 Packages [2235 kB]
#14 7.901 Get:12 http://ports.ubuntu.com/ubuntu-ports noble-updates/restricted arm64 Packages [4224 kB]
#14 7.952 Get:13 http://ports.ubuntu.com/ubuntu-ports noble-backports/main arm64 Packages [49.4 kB]
#14 7.952 Get:14 http://ports.ubuntu.com/ubuntu-ports noble-backports/universe arm64 Packages [34.7 kB]
#14 7.952 Get:15 http://ports.ubuntu.com/ubuntu-ports noble-security/main arm64 Packages [1882 kB]
#14 8.019 Get:16 http://ports.ubuntu.com/ubuntu-ports noble-security/restricted arm64 Packages [4059 kB]
#14 8.077 Get:17 http://ports.ubuntu.com/ubuntu-ports noble-security/multiverse arm64 Packages [38.3 kB]
#14 8.078 Get:18 http://ports.ubuntu.com/ubuntu-ports noble-security/universe arm64 Packages [1192 kB]
#14 8.746 Fetched 37.5 MB in 2s (17.8 MB/s)
#14 8.746 Reading package lists...
#14 9.353 Reading package lists...
#14 9.894 Building dependency tree...
#14 10.02 Reading state information...
#14 10.19 The following additional packages will be installed:
#14 10.19   libpython3-stdlib libpython3.12-minimal libpython3.12-stdlib media-types
#14 10.19   python3-minimal python3-pkg-resources python3-setuptools python3-wheel
#14 10.19   python3.12 python3.12-minimal
#14 10.19 Suggested packages:
#14 10.19   python3-doc python3-tk python3-venv python-setuptools-doc python3.12-venv
#14 10.19   python3.12-doc binfmt-support
#14 10.19 Recommended packages:
#14 10.19   python3-dev
#14 10.25 The following NEW packages will be installed:
#14 10.25   libpython3-stdlib libpython3.12-minimal libpython3.12-stdlib media-types
#14 10.25   python3 python3-minimal python3-pip python3-pkg-resources python3-setuptools
#14 10.25   python3-wheel python3.12 python3.12-minimal
#14 10.37 0 upgraded, 12 newly installed, 0 to remove and 34 not upgraded.
#14 10.37 Need to get 7799 kB of archives.
#14 10.37 After this operation, 35.4 MB of additional disk space will be used.
#14 10.37 Get:1 http://ports.ubuntu.com/ubuntu-ports noble-updates/main arm64 libpython3.12-minimal arm64 3.12.3-1ubuntu0.10 [832 kB]
#14 10.75 Get:2 http://ports.ubuntu.com/ubuntu-ports noble-updates/main arm64 python3.12-minimal arm64 3.12.3-1ubuntu0.10 [2252 kB]
#14 10.86 Get:3 http://ports.ubuntu.com/ubuntu-ports noble-updates/main arm64 python3-minimal arm64 3.12.3-0ubuntu2.1 [27.4 kB]
#14 10.86 Get:4 http://ports.ubuntu.com/ubuntu-ports noble/main arm64 media-types all 10.1.0 [27.5 kB]
#14 10.86 Get:5 http://ports.ubuntu.com/ubuntu-ports noble-updates/main arm64 libpython3.12-stdlib arm64 3.12.3-1ubuntu0.10 [2039 kB]
